<html>
<body>
<pre>
<h1>µVision Build Log</h1>
<h2>Tool Versions:</h2>
IDE-Version: ¦ÌVision V5.18.0.0
Copyright (C) 2016 ARM Ltd and ARM Germany GmbH. All rights reserved.
License Information: cjm c, c, LIC=EPPLD-8BZEN-685FC-70UM9-H9EML-LXGCH
 
Tool Versions:
Toolchain:       MDK-ARM Professional  Version: 5.18
Toolchain Path:  C:\Keil5_arm&c51\ARM\ARMCC\Bin
C Compiler:      Armcc.exe V5.06 update 1 (build 61)
Assembler:       Armasm.exe V5.06 update 1 (build 61)
Linker/Locator:  ArmLink.exe V5.06 update 1 (build 61)
Library Manager: ArmAr.exe V5.06 update 1 (build 61)
Hex Converter:   FromElf.exe V5.06 update 1 (build 61)
CPU DLL:         SARMCM3.DLL V5.18
Dialog DLL:      DCM.DLL V1.13.6.0
Target DLL:      STLink\ST-LINKIII-KEIL_SWO.dll V2.0.18.0
Dialog DLL:      TCM.DLL V1.14.8.0
 
<h2>Project:</h2>
E:\CODE_SRC_FILE\STM32\CubeMX\ws2812b\MDK-ARM\ws2812b.uvprojx
Project File Date:  02/25/2021

<h2>Output:</h2>
*** Using Compiler 'V5.06 update 1 (build 61)', folder: 'C:\Keil5_arm&c51\ARM\ARMCC\Bin'
Build target 'ws2812b'
compiling mylib_ws28xx_test.c...
linking...
Program Size: Code=9484 RO-data=304 RW-data=16 ZI-data=2376  
FromELF: creating hex file...
"ws2812b\ws2812b.axf" - 0 Error(s), 0 Warning(s).

<h2>Software Packages used:</h2>

Package Vendor: ARM
                http://www.keil.com/pack/ARM.CMSIS.4.5.0.pack
                ARM::CMSIS:CORE:4.3.0
                CMSIS (Cortex Microcontroller Software Interface Standard)
   * Component: CORE Version: 4.3.0

<h2>Collection of Component include folders:</h2>
  E:\CODE_SRC_FILE\STM32\CubeMX\ws2812b\MDK-ARM\RTE
  C:\Keil5_arm&c51\ARM\PACK\ARM\CMSIS\4.5.0\CMSIS\Include
  C:\Keil5_arm&c51\ARM\PACK\Keil\STM32F1xx_DFP\2.0.0\Device\Include

<h2>Collection of Component Files used:</h2>

   * Component: ARM::CMSIS:CORE:4.3.0
Build Time Elapsed:  00:00:03
</pre>
</body>
</html>
